// Vitest Snapshot v1, https://vitest.dev/guide/snapshot.html

exports[`Home.vue > should renders is page content is correct 1`] = `""`;
